// Vitest Snapshot v1, https://vitest.dev/guide/snapshot.html

exports[`prompt snapshots builds instruction-focused user message 1`] = `
"Задача: ответить на вопрос пользователя только на основе источников ниже. Если сведений нет — так и скажи. Для монтажных вопросов приоритетно используй «Пособие по монтажу». В конце ответа приведи источники с указанием документа и раздела/страницы. Стиль: кратко, структурно, по пунктам.

Источники:
[Источник #1]
Документ: Пособие по монтажу SANEXT.pdf
Тип: instruction
Раздел: 1.1
Страницы: 5–6
Фрагмент:
«Перед началом монтажа выполните опрессовку системы SANEXT до давления 10 бар.»

Вопрос пользователя: Как опрессовать систему?

Ответ:"`;

exports[`prompt snapshots builds catalog-focused user message 1`] = `
"Задача: ответить на вопрос пользователя только на основе источников ниже. Если сведений нет — так и скажи. Для монтажных вопросов приоритетно используй «Пособие по монтажу». В конце ответа приведи источники с указанием документа и раздела/страницы. Стиль: кратко, структурно, по пунктам.

Источники:
[Источник #1]
Документ: Каталог фитингов SANEXT.xlsx
Тип: catalog
Раздел: A.2
Страница: 12
Фрагмент:
«Фитинг SANEXT 16x2 имеет рабочее давление 10 бар и комплектуется кольцом EVOH.»

Вопрос пользователя: Нужны характеристики фитинга SANEXT 16x2

Ответ:"`;

